"country":"United States","start-time":"2016-11-30T04:35:58.309","address":"97.84.122.92","city":"Arroyo Grande","credentials":"root::asdf","event-type":"SSH","end-time":"2016-11-30T04:35:58.656","latitude":"35.1665","local-port":10022,"password":"asdf","remote-port":51049,"conversation":[],"longitude":"-120.4376","username":"root"}
